
> find-my-ideal-pillow@0.1.0-dev build
> next build

▲ Next.js 16.2.4 (Turbopack)
- Environments: .env.local

⚠ The "middleware" file convention is deprecated. Please use "proxy" instead. Learn more: https://nextjs.org/docs/messages/middleware-to-proxy
  Creating an optimized production build ...
✓ Compiled successfully in 22.4s
  Running TypeScript ...
  Finished TypeScript in 11.9s ...
  Collecting page data using 3 workers ...
  Generating static pages using 3 workers (0/22) ...
  Generating static pages using 3 workers (5/22) 
  Generating static pages using 3 workers (10/22) 
  Generating static pages using 3 workers (16/22) 
✓ Generating static pages using 3 workers (22/22) in 4.8s
  Finalizing page optimization ...

Route (app)
┌ ○ /
├ ○ /_not-found
├ ƒ /[category]/questionnaire
├ ƒ /[category]/results
├ ○ /about
├ ○ /admin
├ ○ /admin/affiliate-uk-temp
├ ○ /admin/login
├ ○ /admin/pillow
├ ○ /admin/theme
├ ƒ /api/admin/set-theme
├ ○ /contact
├ ○ /faq
├ ● /pillow/[slug]
│ └ /pillow/best-pillow-for-side-sleepers-uk
├ ○ /pillow/questionnaire
├ ƒ /pillow/results
├ ○ /privacy-policy
├ ○ /questionnaire
├ ○ /questionnaire/v2
├ ƒ /results
├ ○ /robots.txt
├ ○ /sitemap.xml
└ ○ /terms

Route (pages)
┌ ƒ /api/admin-login
├ ƒ /api/admin-logout
├ ƒ /api/admin/get-affiliate-urls
├ ƒ /api/admin/save-affiliate-urls
├ ƒ /api/geo-region
└ ƒ /api/set-theme

ƒ Proxy (Middleware)

○  (Static)   prerendered as static content
●  (SSG)      prerendered as static HTML (uses generateStaticParams)
ƒ  (Dynamic)  server-rendered on demand

